{
  "C": {
    "cosine": 0.7621207562529064,
    "forward_two_way": 0.9018597194388778,
    "top1": 0.13,
    "top5": 0.324
  },
  "mean": {
    "cosine": 0.7104896161120814,
    "forward_two_way": 0.49999999999999994,
    "top1": 0.002,
    "top5": 0.01
  },
  "shuffle1": {
    "cosine": 0.683197760496563,
    "forward_two_way": 0.5060521042084168,
    "top1": 0.0,
    "top5": 0.012
  },
  "shuffle2": {
    "cosine": 0.6817162394152344,
    "forward_two_way": 0.5004769539078157,
    "top1": 0.0,
    "top5": 0.006
  },
  "shuffle3": {
    "cosine": 0.6808190885671583,
    "forward_two_way": 0.49727855711422847,
    "top1": 0.002,
    "top5": 0.006
  },
  "shuffle4": {
    "cosine": 0.7015872023061984,
    "forward_two_way": 0.5017034068136272,
    "top1": 0.002,
    "top5": 0.014
  },
  "shuffle5": {
    "cosine": 0.6824142451762122,
    "forward_two_way": 0.5023326653306612,
    "top1": 0.004,
    "top5": 0.018
  },
  "R": {
    "cosine": 0.6281432173025133,
    "forward_two_way": 0.8531262525050101,
    "top1": 0.071,
    "top5": 0.236
  },
  "L5000": {
    "cosine": 0.6330707881257327,
    "forward_two_way": 0.8546432865731464,
    "top1": 0.08,
    "top5": 0.221
  }
}
